Power Analyzer report for testFT232H
Wed May 13 13:02:48 2026
Quartus Prime Version 25.1std.0 Build 1129 10/21/2025 SC Lite Edition


---------------------
; Table of Contents ;
---------------------
  1. Legal Notice
  2. Power Analyzer Summary
  3. Power Analyzer Settings
  4. Indeterminate Toggle Rates
  5. Operating Conditions Used
  6. Thermal Power Dissipation by Block
  7. Thermal Power Dissipation by Block Type
  8. Thermal Power Dissipation by Hierarchy
  9. Core Dynamic Thermal Power Dissipation by Clock Domain
 10. Current Drawn from Voltage Supplies Summary
 11. VCCIO Supply Current Drawn by I/O Bank
 12. VCCIO Supply Current Drawn by Voltage
 13. Confidence Metric Details
 14. Signal Activities
 15. Power Analyzer Messages



----------------
; Legal Notice ;
----------------
Copyright (C) 2025  Altera Corporation. All rights reserved.
Your use of Altera Corporation's design tools, logic functions 
and other software and tools, and any partner logic 
functions, and any output files from any of the foregoing 
(including device programming or simulation files), and any 
associated documentation or information are expressly subject 
to the terms and conditions of the Altera Program License 
Subscription Agreement, the Altera Quartus Prime License Agreement,
the Altera IP License Agreement, or other applicable license
agreement, including, without limitation, that your use is for
the sole purpose of programming logic devices manufactured by
Altera and sold by Altera or its authorized distributors.  Please
refer to the Altera Software License Subscription Agreements 
on the Quartus Prime software download page.



+-------------------------------------------------------------------------------------------+
; Power Analyzer Summary                                                                    ;
+----------------------------------------+--------------------------------------------------+
; Power Analyzer Status                  ; Successful - Wed May 13 13:02:48 2026            ;
; Quartus Prime Version                  ; 25.1std.0 Build 1129 10/21/2025 SC Lite Edition  ;
; Revision Name                          ; testFT232H                                       ;
; Top-level Entity Name                  ; testFT232H                                       ;
; Family                                 ; MAX 10                                           ;
; Device                                 ; 10M25SCE144C8G                                   ;
; Power Models                           ; Final                                            ;
; Total Thermal Power Dissipation        ; 240.65 mW                                        ;
; Core Dynamic Thermal Power Dissipation ; 7.87 mW                                          ;
; Core Static Thermal Power Dissipation  ; 224.29 mW                                        ;
; I/O Thermal Power Dissipation          ; 8.48 mW                                          ;
; Power Estimation Confidence            ; Low: user provided insufficient toggle rate data ;
+----------------------------------------+--------------------------------------------------+


+----------------------------------------------------------------------------------------------------------------+
; Power Analyzer Settings                                                                                        ;
+------------------------------------------------------------------+-----------------------------+---------------+
; Option                                                           ; Setting                     ; Default Value ;
+------------------------------------------------------------------+-----------------------------+---------------+
; Maximum processors allowed for parallel compilation              ; 1                           ;               ;
; Use smart compilation                                            ; Off                         ; Off           ;
; Enable parallel Assembler and Timing Analyzer during compilation ; On                          ; On            ;
; Enable compact report table                                      ; Off                         ; Off           ;
; Default Power Input I/O Toggle Rate                              ; 12.5%                       ; 12.5%         ;
; Preset Cooling Solution                                          ; No Heat Sink With Still Air ;               ;
; Board thermal model                                              ; None (CONSERVATIVE)         ;               ;
; Default Power Toggle Rate                                        ; 12.5%                       ; 12.5%         ;
; Use vectorless estimation                                        ; On                          ; On            ;
; Use Input Files                                                  ; Off                         ; Off           ;
; Filter Glitches in VCD File Reader                               ; On                          ; On            ;
; Power Analyzer Report Signal Activity                            ; Off                         ; Off           ;
; Power Analyzer Report Power Dissipation                          ; Off                         ; Off           ;
; Device Power Characteristics                                     ; TYPICAL                     ; TYPICAL       ;
; Automatically Compute Junction Temperature                       ; On                          ; On            ;
; Specified Junction Temperature                                   ; 25                          ; 25            ;
; Ambient Temperature                                              ; 25                          ; 25            ;
; Use Custom Cooling Solution                                      ; Off                         ; Off           ;
; Board Temperature                                                ; 25                          ; 25            ;
+------------------------------------------------------------------+-----------------------------+---------------+


+------------------------------------+
; Indeterminate Toggle Rates         ;
+------+-----------------------------+
; Node ; Reason                      ;
+------+-----------------------------+
; NRES ; No valid clock domain found ;
+------+-----------------------------+


+----------------------------------------------------------------------+
; Operating Conditions Used                                            ;
+-----------------------------------------+----------------------------+
; Setting                                 ; Value                      ;
+-----------------------------------------+----------------------------+
; Device power characteristics            ; Typical                    ;
;                                         ;                            ;
; Voltages                                ;                            ;
;     VCCA                                ; 3.00 V                     ;
;     VCC_ONE                             ; 3.00 V                     ;
;     2.5 V I/O Standard                  ; 2.5 V                      ;
;     2.5 V Schmitt Trigger I/O Standard  ; 2.5 V                      ;
;                                         ;                            ;
; Auto computed junction temperature      ; 30.8 degrees Celsius       ;
;     Ambient temperature                 ; 25.0 degrees Celsius       ;
;     Junction-to-Case thermal resistance ; 7.40 degrees Celsius/Watt  ;
;     Case-to-Ambient thermal resistance  ; 16.80 degrees Celsius/Watt ;
;                                         ;                            ;
; Board model used                        ; Typical                    ;
+-----------------------------------------+----------------------------+


+----------------------------------------------------------------------------------------------------------------------------------------------+
; Thermal Power Dissipation by Block                                                                                                           ;
+------------+------------+---------------------+-----------------------------+--------------------------------+-------------------------------+
; Block Name ; Block Type ; Total Thermal Power ; Block Thermal Dynamic Power ; Block Thermal Static Power (1) ; Routing Thermal Dynamic Power ;
+------------+------------+---------------------+-----------------------------+--------------------------------+-------------------------------+
(1) The "Thermal Power Dissipation by Block" Table has been hidden. To show this table, please select the "Write power dissipation by block to report file" option under "PowerPlay Power Analyzer Settings".


+--------------------------------------------------------------------------------------------------------------------------------------------------------------------------------------------------------------------+
; Thermal Power Dissipation by Block Type                                                                                                                                                                            ;
+---------------------+-----------------------------------+-----------------------------+--------------------------------+-------------------------------+-----------------------------------------------------------+
; Block Type          ; Total Thermal Power by Block Type ; Block Thermal Dynamic Power ; Block Thermal Static Power (1) ; Routing Thermal Dynamic Power ; Block Average Toggle Rate (millions of transitions / sec) ;
+---------------------+-----------------------------------+-----------------------------+--------------------------------+-------------------------------+-----------------------------------------------------------+
; Combinational cell  ; 0.18 mW                           ; 0.10 mW                     ; --                             ; 0.07 mW                       ;    6.366                                                  ;
; Clock control block ; 2.48 mW                           ; 0.00 mW                     ; --                             ; 2.48 mW                       ;  120.005                                                  ;
; Register cell       ; 0.26 mW                           ; 0.15 mW                     ; --                             ; 0.12 mW                       ;    7.500                                                  ;
; I/O register        ; 0.25 mW                           ; 0.25 mW                     ; --                             ; 0.00 mW                       ;    7.500                                                  ;
; I/O                 ; 1.51 mW                           ; 1.35 mW                     ; 0.12 mW                        ; 0.04 mW                       ;    8.840                                                  ;
; Voltage Regulator   ; 4.91 mW                           ; 4.91 mW                     ; 0.00 mW                        ; --                            ; --                                                        ;
+---------------------+-----------------------------------+-----------------------------+--------------------------------+-------------------------------+-----------------------------------------------------------+
(1) The "Block Thermal Static Power" for all block types except Pins and the Voltage Regulator, if one exists, is part of the "Core Static Thermal Power Dissipation" value found on the PowerPlay Power Analyzer-->Summary report panel. The "Core Static Thermal Power Dissipation" also contains the thermal static power dissipated by the routing.


+-------------------------------------------------------------------------------------------------------------------------------------------------------------------------------------------------------------------------------------------------+
; Thermal Power Dissipation by Hierarchy                                                                                                                                                                                                          ;
+-------------------------------------+--------------------------------------+---------------------------------+-----------------------------------+-----------------------------------+----------------------------------------------------------+
; Compilation Hierarchy Node          ; Total Thermal Power by Hierarchy (1) ; Block Thermal Dynamic Power (1) ; Block Thermal Static Power (1)(2) ; Routing Thermal Dynamic Power (1) ; Full Hierarchy Name                                      ;
+-------------------------------------+--------------------------------------+---------------------------------+-----------------------------------+-----------------------------------+----------------------------------------------------------+
; |testFT232H                         ; 9.59 mW (8.90 mW)                    ; 6.76 mW (6.26 mW)               ; 0.12 mW (0.12 mW)                 ; 2.71 mW (2.52 mW)                 ; |testFT232H                                              ;
;     |hard_block:auto_generated_inst ; 0.00 mW (0.00 mW)                    ; 0.00 mW (0.00 mW)               ; --                                ; 0.00 mW (0.00 mW)                 ; |testFT232H|hard_block:auto_generated_inst               ;
;     |mode_SyncFIFO:inst             ; 0.69 mW (0.34 mW)                    ; 0.50 mW (0.25 mW)               ; --                                ; 0.19 mW (0.09 mW)                 ; |testFT232H|mode_SyncFIFO:inst                           ;
;         |detect_uisw:i_detect_uisw  ; 0.35 mW (0.35 mW)                    ; 0.25 mW (0.25 mW)               ; --                                ; 0.10 mW (0.10 mW)                 ; |testFT232H|mode_SyncFIFO:inst|detect_uisw:i_detect_uisw ;
+-------------------------------------+--------------------------------------+---------------------------------+-----------------------------------+-----------------------------------+----------------------------------------------------------+
(1) Value in parentheses is the power consumed at that level of hierarchy. Value not in parentheses is the power consumed at that level of hierarchy plus the power consumed by all levels of hierarchy below it.

(2) The "Block Thermal Static Power" for all levels of hierarchy except the top-level hierarchy is part of the "Core Static Thermal Power Dissipation" value found on the PowerPlay Power Analyzer-->Summary report panel. The "Core Static Thermal Power Dissipation" also contains the thermal static power dissipated by the routing.


+--------------------------------------------------------------------+
; Core Dynamic Thermal Power Dissipation by Clock Domain             ;
+-----------------+-----------------------+--------------------------+
; Clock Domain    ; Clock Frequency (MHz) ; Total Core Dynamic Power ;
+-----------------+-----------------------+--------------------------+
; CLK             ; 60.00                 ; 3.21                     ;
; No clock domain ; 0.00                  ; 0.00                     ;
+-----------------+-----------------------+--------------------------+


+------------------------------------------------------------------------------------------------------------------------------------+
; Current Drawn from Voltage Supplies Summary                                                                                        ;
+----------------+-------------------------+---------------------------+--------------------------+----------------------------------+
; Voltage Supply ; Total Current Drawn (1) ; Dynamic Current Drawn (1) ; Static Current Drawn (1) ; Minimum Power Supply Current (2) ;
+----------------+-------------------------+---------------------------+--------------------------+----------------------------------+
; VCCIO          ; 3.28 mA                 ; 0.50 mA                   ; 2.78 mA                  ; 3.28 mA                          ;
; VCCA           ; 0.00 mA                 ; 0.00 mA                   ; 0.00 mA                  ; 0.00 mA                          ;
; VCC_ONE        ; 77.49 mA                ; 2.73 mA                   ; 74.76 mA                 ; 77.49 mA                         ;
+----------------+-------------------------+---------------------------+--------------------------+----------------------------------+
(1) Currents reported in columns "Total Current Drawn", "Dynamic Current Drawn", and "Static Current Drawn" are sufficient for user operation of the device.  
(2) Currents reported in column "Minimum Power Supply Current" are sufficient for power-up, configuration, and user operation of the device.


+-----------------------------------------------------------------------------------------------+
; VCCIO Supply Current Drawn by I/O Bank                                                        ;
+----------+---------------+---------------------+-----------------------+----------------------+
; I/O Bank ; VCCIO Voltage ; Total Current Drawn ; Dynamic Current Drawn ; Static Current Drawn ;
+----------+---------------+---------------------+-----------------------+----------------------+
; 1A       ; 2.5V          ; 0.30 mA             ; 0.00 mA               ; 0.30 mA              ;
; 1B       ; 2.5V          ; 0.31 mA             ; 0.00 mA               ; 0.31 mA              ;
; 2        ; 2.5V          ; 0.30 mA             ; 0.00 mA               ; 0.30 mA              ;
; 3        ; 2.5V          ; 0.58 mA             ; 0.26 mA               ; 0.32 mA              ;
; 4        ; 2.5V          ; 0.44 mA             ; 0.11 mA               ; 0.33 mA              ;
; 5        ; 2.5V          ; 0.30 mA             ; 0.00 mA               ; 0.30 mA              ;
; 6        ; 2.5V          ; 0.43 mA             ; 0.12 mA               ; 0.31 mA              ;
; 7        ; 2.5V          ; 0.30 mA             ; 0.00 mA               ; 0.30 mA              ;
; 8        ; 2.5V          ; 0.31 mA             ; 0.00 mA               ; 0.31 mA              ;
+----------+---------------+---------------------+-----------------------+----------------------+


+-----------------------------------------------------------------------------------------------------------------------------------+
; VCCIO Supply Current Drawn by Voltage                                                                                             ;
+---------------+-------------------------+---------------------------+--------------------------+----------------------------------+
; VCCIO Voltage ; Total Current Drawn (1) ; Dynamic Current Drawn (1) ; Static Current Drawn (1) ; Minimum Power Supply Current (2) ;
+---------------+-------------------------+---------------------------+--------------------------+----------------------------------+
; 2.5V          ; 3.28 mA                 ; 0.50 mA                   ; 2.78 mA                  ; 3.28 mA                          ;
+---------------+-------------------------+---------------------------+--------------------------+----------------------------------+
(1) Currents reported in columns "Total Current Drawn", "Dynamic Current Drawn", and "Static Current Drawn" are sufficient for user operation of the device.  
(2) Currents reported in column "Minimum Power Supply Current" are sufficient for power-up, configuration, and user operation of the device.


+-------------------------------------------------------------------------------------------------------------------------------------------------+
; Confidence Metric Details                                                                                                                       ;
+----------------------------------------------------------------------------------------+-------------+------------+-------------+---------------+
; Data Source                                                                            ; Total       ; Pin        ; Registered  ; Combinational ;
+----------------------------------------------------------------------------------------+-------------+------------+-------------+---------------+
; Simulation (from file)                                                                 ;             ;            ;             ;               ;
;     -- Number of signals with Toggle Rate from Simulation                              ; 0 (0.0%)    ; 0 (0.0%)   ; 0 (0.0%)    ; 0 (0.0%)      ;
;     -- Number of signals with Static Probability from Simulation                       ; 0 (0.0%)    ; 0 (0.0%)   ; 0 (0.0%)    ; 0 (0.0%)      ;
;                                                                                        ;             ;            ;             ;               ;
; Node, entity or clock assignment                                                       ;             ;            ;             ;               ;
;     -- Number of signals with Toggle Rate from Node, entity or clock assignment        ; 2 (0.8%)    ; 1 (2.8%)   ; 0 (0.0%)    ; 1 (0.6%)      ;
;     -- Number of signals with Static Probability from Node, entity or clock assignment ; 2 (0.8%)    ; 1 (2.8%)   ; 0 (0.0%)    ; 1 (0.6%)      ;
;                                                                                        ;             ;            ;             ;               ;
; Vectorless estimation                                                                  ;             ;            ;             ;               ;
;     -- Number of signals with Toggle Rate from Vectorless estimation                   ; 227 (91.9%) ; 17 (47.2%) ; 52 (100.0%) ; 158 (99.4%)   ;
;     -- Number of signals with Zero toggle rate, from Vectorless estimation             ; 7 (2.8%)    ; 3 (8.3%)   ; 0 (0.0%)    ; 4 (2.5%)      ;
;     -- Number of signals with Static Probability from Vectorless estimation            ; 227 (91.9%) ; 17 (47.2%) ; 52 (100.0%) ; 158 (99.4%)   ;
;                                                                                        ;             ;            ;             ;               ;
; Default assignment                                                                     ;             ;            ;             ;               ;
;     -- Number of signals with Toggle Rate from Default assignment                      ; 12 (4.9%)   ; 12 (33.3%) ; 0 (0.0%)    ; 0 (0.0%)      ;
;     -- Number of signals with Static Probability from Default assignment               ; 18 (7.3%)   ; 18 (50.0%) ; 0 (0.0%)    ; 0 (0.0%)      ;
;                                                                                        ;             ;            ;             ;               ;
; Assumed 0                                                                              ;             ;            ;             ;               ;
;     -- Number of signals with Toggle Rate assumed 0                                    ; 6 (2.4%)    ; 6 (16.7%)  ; 0 (0.0%)    ; 0 (0.0%)      ;
+----------------------------------------------------------------------------------------+-------------+------------+-------------+---------------+


+---------------------------------------------------------------------------------------------------------------------------------------------+
; Signal Activities                                                                                                                           ;
+--------+------+---------------------------------------------+-------------------------+--------------------+--------------------------------+
; Signal ; Type ; Toggle Rate (millions of transitions / sec) ; Toggle Rate Data Source ; Static Probability ; Static Probability Data Source ;
+--------+------+---------------------------------------------+-------------------------+--------------------+--------------------------------+
(1) The "Signal Activity" Table has been hidden. To show this table, please select the "Write signal activities to report file" option under "PowerPlay Power Analyzer Settings".


+-------------------------+
; Power Analyzer Messages ;
+-------------------------+
Info: *******************************************************************
Info: Running Quartus Prime Power Analyzer
    Info: Version 25.1std.0 Build 1129 10/21/2025 SC Lite Edition
    Info: Processing started: Wed May 13 13:02:46 2026
Info: Command: quartus_pow --read_settings_files=off --write_settings_files=off testFT232H -c testFT232H
Info (21077): Low junction temperature is 0 degrees C
Info (21077): High junction temperature is 85 degrees C
Info (332104): Reading SDC File: 'testFT232H.sdc'
Info (332151): Clock uncertainty is not calculated until you update the timing netlist.
Info (332123): Deriving Clock Uncertainty. Please refer to report_sdc in the Timing Analyzer to see clock uncertainties.
Info (223000): Starting Vectorless Power Activity Estimation
Warning (222013): Relative toggle rates could not be calculated because no clock domain could be identified for some nodes
Info (223001): Completed Vectorless Power Activity Estimation
Info (218000): Using Advanced I/O Power to simulate I/O buffers with the specified board trace model
Info (334003): Started post-fitting delay annotation
Info (334004): Delay annotation completed successfully
Info (215049): Average toggle rate for this design is 7.480 millions of transitions / sec
Info (215031): Total thermal power estimate for the design is 240.65 mW
Info: Quartus Prime Power Analyzer was successful. 0 errors, 1 warning
    Info: Peak virtual memory: 4860 megabytes
    Info: Processing ended: Wed May 13 13:02:48 2026
    Info: Elapsed time: 00:00:02
    Info: Total CPU time (on all processors): 00:00:02


