------------------------------------------------------------
Timing Analyzer Summary
------------------------------------------------------------

Type  : Slow 1200mV 85C Model Setup 'CLK'
Slack : 5.118
TNS   : 0.000

Type  : Slow 1200mV 85C Model Hold 'CLK'
Slack : 0.362
TNS   : 0.000

Type  : Slow 1200mV 85C Model Recovery 'CLK'
Slack : 10.083
TNS   : 0.000

Type  : Slow 1200mV 85C Model Removal 'CLK'
Slack : 4.402
TNS   : 0.000

Type  : Slow 1200mV 85C Model Minimum Pulse Width 'CLK'
Slack : 7.990
TNS   : 0.000

Type  : Slow 1200mV 0C Model Setup 'CLK'
Slack : 5.985
TNS   : 0.000

Type  : Slow 1200mV 0C Model Hold 'CLK'
Slack : 0.322
TNS   : 0.000

Type  : Slow 1200mV 0C Model Recovery 'CLK'
Slack : 10.302
TNS   : 0.000

Type  : Slow 1200mV 0C Model Removal 'CLK'
Slack : 4.161
TNS   : 0.000

Type  : Slow 1200mV 0C Model Minimum Pulse Width 'CLK'
Slack : 8.021
TNS   : 0.000

Type  : Fast 1200mV 0C Model Setup 'CLK'
Slack : 9.889
TNS   : 0.000

Type  : Fast 1200mV 0C Model Hold 'CLK'
Slack : 0.152
TNS   : 0.000

Type  : Fast 1200mV 0C Model Recovery 'CLK'
Slack : 12.524
TNS   : 0.000

Type  : Fast 1200mV 0C Model Removal 'CLK'
Slack : 2.849
TNS   : 0.000

Type  : Fast 1200mV 0C Model Minimum Pulse Width 'CLK'
Slack : 7.746
TNS   : 0.000

------------------------------------------------------------
